Reading netlist file: "E:\GOWIN_Project\FourAxisRobotsWithFPGA\2K1000LA\FPGA\CoreCodes\impl\gwsynthesis\CoreCodes.vg"
Parsing netlist file "E:\GOWIN_Project\FourAxisRobotsWithFPGA\2K1000LA\FPGA\CoreCodes\impl\gwsynthesis\CoreCodes.vg" completed
Processing netlist completed
Reading constraint file: "E:\GOWIN_Project\FourAxisRobotsWithFPGA\2K1000LA\FPGA\CoreCodes\constraints\pin_constraints.cst"
Physical Constraint parsed completed
Running placement......
[10%] Placement Phase 0 completed
[20%] Placement Phase 1 completed
[30%] Placement Phase 2 completed
[50%] Placement Phase 3 completed
Running routing......
[60%] Routing Phase 0 completed
[70%] Routing Phase 1 completed
[80%] Routing Phase 2 completed
WARN  (PR1014) : Generic routing resource will be used to clock signal 'clk_50m_d' by the specified constraint. And then it may lead to the excessive delay or skew
[90%] Routing Phase 3 completed
Running timing analysis......
[95%] Timing analysis completed
Placement and routing completed
Bitstream generation in progress......
Bitstream generation completed
Running power analysis......
[100%] Power analysis completed
Generate file "E:\GOWIN_Project\FourAxisRobotsWithFPGA\2K1000LA\FPGA\CoreCodes\impl\pnr\CoreCodes.power.html" completed
Generate file "E:\GOWIN_Project\FourAxisRobotsWithFPGA\2K1000LA\FPGA\CoreCodes\impl\pnr\CoreCodes.pin.html" completed
Generate file "E:\GOWIN_Project\FourAxisRobotsWithFPGA\2K1000LA\FPGA\CoreCodes\impl\pnr\CoreCodes.rpt.html" completed
Generate file "E:\GOWIN_Project\FourAxisRobotsWithFPGA\2K1000LA\FPGA\CoreCodes\impl\pnr\CoreCodes.rpt.txt" completed
Generate file "E:\GOWIN_Project\FourAxisRobotsWithFPGA\2K1000LA\FPGA\CoreCodes\impl\pnr\CoreCodes.tr.html" completed
Wed Aug 12 09:54:06 2026

