GowinSynthesis start
Running parser ...
Analyzing Verilog file 'E:\GOWIN_Project\FourAxisRobotsWithFPGA\CoreCodes\src\uart_tx.v'
Analyzing Verilog file 'E:\GOWIN_Project\FourAxisRobotsWithFPGA\CoreCodes\src\uart_rx.v'
Analyzing Verilog file 'E:\GOWIN_Project\FourAxisRobotsWithFPGA\CoreCodes\src\crc16.v'
Analyzing Verilog file 'E:\GOWIN_Project\FourAxisRobotsWithFPGA\CoreCodes\src\i2c_slave.v'
Analyzing Verilog file 'E:\GOWIN_Project\FourAxisRobotsWithFPGA\CoreCodes\src\top.v'
Undeclared symbol 'tx_start', assumed default net type 'wire'("E:\GOWIN_Project\FourAxisRobotsWithFPGA\CoreCodes\src\top.v":56)
Undeclared symbol 'tx_byte', assumed default net type 'wire'("E:\GOWIN_Project\FourAxisRobotsWithFPGA\CoreCodes\src\top.v":56)
Undeclared symbol 'dbg_start', assumed default net type 'wire'("E:\GOWIN_Project\FourAxisRobotsWithFPGA\CoreCodes\src\top.v":62)
Undeclared symbol 'dbg_byte', assumed default net type 'wire'("E:\GOWIN_Project\FourAxisRobotsWithFPGA\CoreCodes\src\top.v":62)
WARN  (EX3638) : 'tx_start' is already implicitly declared on line 56("E:\GOWIN_Project\FourAxisRobotsWithFPGA\CoreCodes\src\top.v":152)
WARN  (EX3638) : 'tx_byte' is already implicitly declared on line 56("E:\GOWIN_Project\FourAxisRobotsWithFPGA\CoreCodes\src\top.v":152)
WARN  (EX3638) : 'dbg_start' is already implicitly declared on line 62("E:\GOWIN_Project\FourAxisRobotsWithFPGA\CoreCodes\src\top.v":408)
WARN  (EX3638) : 'dbg_byte' is already implicitly declared on line 62("E:\GOWIN_Project\FourAxisRobotsWithFPGA\CoreCodes\src\top.v":408)
Compiling module 'top'("E:\GOWIN_Project\FourAxisRobotsWithFPGA\CoreCodes\src\top.v":20)
Compiling module 'i2c_slave'("E:\GOWIN_Project\FourAxisRobotsWithFPGA\CoreCodes\src\i2c_slave.v":18)
Compiling module 'uart_rx'("E:\GOWIN_Project\FourAxisRobotsWithFPGA\CoreCodes\src\uart_rx.v":19)
Compiling module 'uart_tx'("E:\GOWIN_Project\FourAxisRobotsWithFPGA\CoreCodes\src\uart_tx.v":16)
NOTE  (EX0101) : Current top module is "top"
[5%] Running netlist conversion ...
Running device independent optimization ...
[10%] Optimizing Phase 0 completed
[15%] Optimizing Phase 1 completed
[25%] Optimizing Phase 2 completed
Running inference ...
[30%] Inferring Phase 0 completed
[40%] Inferring Phase 1 completed
[50%] Inferring Phase 2 completed
[55%] Inferring Phase 3 completed
Running technical mapping ...
[60%] Tech-Mapping Phase 0 completed
[65%] Tech-Mapping Phase 1 completed
[75%] Tech-Mapping Phase 2 completed
[80%] Tech-Mapping Phase 3 completed
[90%] Tech-Mapping Phase 4 completed
[95%] Generate netlist file "E:\GOWIN_Project\FourAxisRobotsWithFPGA\CoreCodes\impl\gwsynthesis\CoreCodes.vg" completed
[100%] Generate report file "E:\GOWIN_Project\FourAxisRobotsWithFPGA\CoreCodes\impl\gwsynthesis\CoreCodes_syn.rpt.html" completed
GowinSynthesis finish
